// Jest Snapshot v1, https://goo.gl/fbAQLP

exports[`Button Component renders correctly 1`] = `
<View
  accessibilityState={
    {
      "busy": undefined,
      "checked": undefined,
      "disabled": undefined,
      "expanded": undefined,
      "selected": undefined,
    }
  }
  accessibilityValue={
    {
      "max": undefined,
      "min": undefined,
      "now": undefined,
      "text": undefined,
    }
  }
  accessible={true}
  collapsable={false}
  focusable={false}
  onClick={[Function]}
  onResponderGrant={[Function]}
  onResponderMove={[Function]}
  onResponderRelease={[Function]}
  onResponderTerminate={[Function]}
  onResponderTerminationRequest={[Function]}
  onStartShouldSetResponder={[Function]}
  style={
    {
      "backgroundColor": "#034096",
      "borderRadius": 100,
      "opacity": 1,
      "paddingHorizontal": 30,
      "paddingVertical": 12,
    }
  }
  testID="buttonTestID"
>
  <Text
    style={
      {
        "color": "#FFFFFF",
        "fontSize": 18,
        "fontWeight": "bold",
      }
    }
  >
    Button Title
  </Text>
</View>
`;
