// Jest Snapshot v1, https://goo.gl/fbAQLP

exports[`ToDoItem Component renders correctly 1`] = `
<View
  accessibilityState={
    {
      "busy": undefined,
      "checked": undefined,
      "disabled": undefined,
      "expanded": undefined,
      "selected": undefined,
    }
  }
  accessibilityValue={
    {
      "max": undefined,
      "min": undefined,
      "now": undefined,
      "text": undefined,
    }
  }
  accessible={true}
  collapsable={false}
  focusable={true}
  onClick={[Function]}
  onResponderGrant={[Function]}
  onResponderMove={[Function]}
  onResponderRelease={[Function]}
  onResponderTerminate={[Function]}
  onResponderTerminationRequest={[Function]}
  onStartShouldSetResponder={[Function]}
  style={
    {
      "alignItems": "center",
      "backgroundColor": "#FFFFFF",
      "borderRadius": 15,
      "flexDirection": "row",
      "marginVertical": 5,
      "opacity": 1,
      "padding": 15,
    }
  }
  testID="todoItemTestID"
>
  <View
    style={
      {
        "backgroundColor": "#034096",
        "borderRadius": 10,
        "height": 20,
        "width": 20,
      }
    }
  />
  <Text
    style={
      {
        "color": "#7a7a7a",
        "flex": 1,
        "fontSize": 15,
        "fontWeight": "500",
        "paddingHorizontal": 10,
      }
    }
  >
    Test Todo
  </Text>
  <View
    accessibilityState={
      {
        "busy": undefined,
        "checked": undefined,
        "disabled": undefined,
        "expanded": undefined,
        "selected": undefined,
      }
    }
    accessibilityValue={
      {
        "max": undefined,
        "min": undefined,
        "now": undefined,
        "text": undefined,
      }
    }
    accessible={true}
    collapsable={false}
    focusable={true}
    onClick={[Function]}
    onResponderGrant={[Function]}
    onResponderMove={[Function]}
    onResponderRelease={[Function]}
    onResponderTerminate={[Function]}
    onResponderTerminationRequest={[Function]}
    onStartShouldSetResponder={[Function]}
    style={
      {
        "opacity": 1,
      }
    }
  >
    <Text
      style={
        {
          "color": "#7a7a7a",
          "fontWeight": "500",
        }
      }
    >
      REMOVE
    </Text>
  </View>
</View>
`;

exports[`TodoItem Component renders correctly 1`] = `
<View
  accessibilityState={
    {
      "busy": undefined,
      "checked": undefined,
      "disabled": undefined,
      "expanded": undefined,
      "selected": undefined,
    }
  }
  accessibilityValue={
    {
      "max": undefined,
      "min": undefined,
      "now": undefined,
      "text": undefined,
    }
  }
  accessible={true}
  collapsable={false}
  focusable={true}
  onClick={[Function]}
  onResponderGrant={[Function]}
  onResponderMove={[Function]}
  onResponderRelease={[Function]}
  onResponderTerminate={[Function]}
  onResponderTerminationRequest={[Function]}
  onStartShouldSetResponder={[Function]}
  style={
    {
      "alignItems": "center",
      "backgroundColor": "#FFFFFF",
      "borderRadius": 15,
      "flexDirection": "row",
      "marginVertical": 5,
      "opacity": 1,
      "padding": 15,
    }
  }
  testID="todoItemTestID"
>
  <View
    style={
      {
        "backgroundColor": "#034096",
        "borderRadius": 10,
        "height": 20,
        "width": 20,
      }
    }
  />
  <Text
    style={
      {
        "color": "#7a7a7a",
        "flex": 1,
        "fontSize": 15,
        "fontWeight": "500",
        "paddingHorizontal": 10,
      }
    }
  >
    Test Todo
  </Text>
  <View
    accessibilityState={
      {
        "busy": undefined,
        "checked": undefined,
        "disabled": undefined,
        "expanded": undefined,
        "selected": undefined,
      }
    }
    accessibilityValue={
      {
        "max": undefined,
        "min": undefined,
        "now": undefined,
        "text": undefined,
      }
    }
    accessible={true}
    collapsable={false}
    focusable={true}
    onClick={[Function]}
    onResponderGrant={[Function]}
    onResponderMove={[Function]}
    onResponderRelease={[Function]}
    onResponderTerminate={[Function]}
    onResponderTerminationRequest={[Function]}
    onStartShouldSetResponder={[Function]}
    style={
      {
        "opacity": 1,
      }
    }
  >
    <Text
      style={
        {
          "color": "#7a7a7a",
          "fontWeight": "500",
        }
      }
    >
      REMOVE
    </Text>
  </View>
</View>
`;
