// Jest Snapshot v1, https://goo.gl/fbAQLP

exports[`ListEmpt Component renders correctly 1`] = `
<View
  style={
    {
      "alignItems": "center",
      "flex": 1,
      "justifyContent": "center",
    }
  }
>
  <Text
    style={
      {
        "color": "#7a7a7a",
        "fontSize": 16,
        "fontWeight": "bold",
      }
    }
  >
    ToDos not found!
  </Text>
</View>
`;
